node.exe : npm warn Unknown env config "devdir". This will stop working in the next major version of npm. See `npm 
help npmrc` for supported config options.
No linha:1 caractere:1
+ & "C:\Program Files\nodejs/node.exe" "C:\Program Files\nodejs/node_mo ...
+ ~~~~~~~~~~~~~~~~~~~~~~~~~~~~~~~~~~~~~~~~~~~~~~~~~~~~~~~~~~~~~~~~~~~~~
    + CategoryInfo          : NotSpecified: (npm warn Unknow...config options.:String) [], RemoteException
    + FullyQualifiedErrorId : NativeCommandError
 

> deskimob@0.1.0 build
> next build

Ôû▓ Next.js 16.2.9 (Turbopack)
- Environments: .env.local
- Experiments (use with caution):
  ┬À proxyClientMaxBodySize: "30mb"
  ┬À serverActions

  Creating an optimized production build ...
Ô£ô Compiled successfully in 22.5s
  Running TypeScript ...
  Finished TypeScript in 34.6s ...
  Collecting page data using 15 workers ...
  Generating static pages using 15 workers (0/23) ...
  Generating static pages using 15 workers (5/23) 
  Generating static pages using 15 workers (11/23) 
  Generating static pages using 15 workers (17/23) 
Ô£ô Generating static pages using 15 workers (23/23) in 1296ms
  Finalizing page optimization ...

Route (app)
Ôöî ãÆ /
Ôö£ Ôùï /_not-found
Ôö£ ãÆ /[tenant]
Ôö£ ãÆ /[tenant]/alugar
Ôö£ ãÆ /[tenant]/avaliar
Ôö£ ãÆ /[tenant]/comprar
Ôö£ ãÆ /[tenant]/contato
Ôö£ ãÆ /[tenant]/imoveis
Ôö£ ãÆ /[tenant]/imoveis/[slug]
Ôö£ ãÆ /[tenant]/sobre
Ôö£ ãÆ /api/agenda/lembretes
Ôö£ ãÆ /api/exportar-dados
Ôö£ ãÆ /api/site/leads
Ôö£ ãÆ /api/test-email
Ôö£ ãÆ /api/webhook/chat-site
Ôö£ ãÆ /api/webhook/zapi
Ôö£ ãÆ /cadastro
Ôö£ ãÆ /dashboard
Ôö£ ãÆ /dashboard/agenda
Ôö£ ãÆ /dashboard/atendimentos
Ôö£ ãÆ /dashboard/atendimentos/[id]
Ôö£ ãÆ /dashboard/atendimentos/novo
Ôö£ ãÆ /dashboard/clientes
Ôö£ ãÆ /dashboard/clientes/[id]
Ôö£ ãÆ /dashboard/clientes/novo
Ôö£ ãÆ /dashboard/configuracoes
Ôö£ ãÆ /dashboard/imoveis
Ôö£ ãÆ /dashboard/imoveis/[id]
Ôö£ ãÆ /dashboard/imoveis/[id]/editar
Ôö£ ãÆ /dashboard/imoveis/novo
Ôö£ ãÆ /dashboard/leads
Ôö£ ãÆ /dashboard/leads/[id]
Ôö£ ãÆ /dashboard/leads/novo
Ôö£ ãÆ /login
Ôö£ ãÆ /preview/imovel/[token]
Ôö£ ãÆ /site-custom/[hostname]
Ôö£ ãÆ /site-custom/[hostname]/alugar
Ôö£ ãÆ /site-custom/[hostname]/avaliar
Ôö£ ãÆ /site-custom/[hostname]/comprar
Ôö£ ãÆ /site-custom/[hostname]/contato
Ôö£ ãÆ /site-custom/[hostname]/imoveis
Ôö£ ãÆ /site-custom/[hostname]/imoveis/[slug]
Ôöö ãÆ /site-custom/[hostname]/sobre


ãÆ Proxy (Middleware)

Ôùï  (Static)   prerendered as static content
ãÆ  (Dynamic)  server-rendered on demand

